// Jest Snapshot v1, https://goo.gl/fbAQLP

exports[`graph generate graph 1`] = `
"digraph{\\"package-2
1.0.0\\"->\\"package-1
1.0.0\\";\\"package-3
1.0.0\\"->\\"package-2
1.0.0\\";\\"package-5
1.0.0\\"->\\"package-3
1.0.0\\";\\"package-5
1.0.0\\"->\\"package-1
1.0.0\\";}"
`;
